INFO:     Will watch for changes in these directories: ['C:\\Users\\User\\Desktop\\Ananie\\Dev_Workspace\\arkidi-platform']
INFO:     Uvicorn running on http://0.0.0.0:8000 (Press CTRL+C to quit)
INFO:     Started reloader process [2132] using StatReload
INFO:     Started server process [14144]
INFO:     Waiting for application startup.
2026-08-24 15:05:34,284 [INFO] arkidi (main.py:28): Starting up Arkidi Platform API...
INFO:     Application startup complete.
2026-08-24 15:06:58,499 [INFO] arkidi.core.redis (redis.py:118): Redis health probe: up
INFO:     127.0.0.1:59829 - "GET /health HTTP/1.1" 200 OK
INFO:     127.0.0.1:59829 - "GET /docs HTTP/1.1" 200 OK
INFO:     127.0.0.1:60022 - "POST /api/v1/auth/login HTTP/1.1" 200 OK
INFO:     127.0.0.1:60058 - "OPTIONS /api/v1/auth/login HTTP/1.1" 200 OK
INFO:     127.0.0.1:60058 - "POST /api/v1/auth/login HTTP/1.1" 401 Unauthorized
INFO:     127.0.0.1:60061 - "POST /api/v1/auth/login HTTP/1.1" 401 Unauthorized
INFO:     127.0.0.1:60068 - "POST /api/v1/auth/login HTTP/1.1" 401 Unauthorized
INFO:     127.0.0.1:60143 - "POST /api/v1/auth/login HTTP/1.1" 200 OK
WARNING:  StatReload detected changes in 'app\services\auth.py'. Reloading...
 INFO:     Shutting down
INFO:     127.0.0.1:60297 - "POST /api/v1/auth/login HTTP/1.1" 200 OK
INFO:     Waiting for application shutdown.
2026-08-24 15:21:48,883 [INFO] arkidi (main.py:36): Shutting down Arkidi Platform API...
INFO:     Application shutdown complete.
INFO:     Finished server process [14144]
Process SpawnProcess-2:
Traceback (most recent call last):
  File "C:\Python314\Lib\multiprocessing\process.py", line 320, in _bootstrap
    self.run()
    ~~~~~~~~^^
  File "C:\Python314\Lib\multiprocessing\process.py", line 108, in run
    self._target(*self._args, **self._kwargs)
    ~~~~~~~~~~~~^^^^^^^^^^^^^^^^^^^^^^^^^^^^^
  File "C:\Users\User\AppData\Roaming\Python\Python314\site-packages\uvicorn\_subprocess.py", line 80, in subprocess_started
    target(sockets=sockets)
    ~~~~~~^^^^^^^^^^^^^^^^^
  File "C:\Users\User\AppData\Roaming\Python\Python314\site-packages\uvicorn\server.py", line 74, in run
    return asyncio_run(self.serve(sockets=sockets), loop_factory=self.config.get_loop_factory())
  File "C:\Python314\Lib\asyncio\runners.py", line 204, in run
    return runner.run(main)
           ~~~~~~~~~~^^^^^^
  File "C:\Python314\Lib\asyncio\runners.py", line 127, in run
    return self._loop.run_until_complete(task)
           ~~~~~~~~~~~~~~~~~~~~~~~~~~~~~^^^^^^
  File "C:\Python314\Lib\asyncio\base_events.py", line 719, in run_until_complete
    return future.result()
           ~~~~~~~~~~~~~^^
  File "C:\Users\User\AppData\Roaming\Python\Python314\site-packages\uvicorn\server.py", line 78, in serve
    await self._serve(sockets)
  File "C:\Users\User\AppData\Roaming\Python\Python314\site-packages\uvicorn\server.py", line 85, in _serve
    config.load()
    ~~~~~~~~~~~^^
  File "C:\Users\User\AppData\Roaming\Python\Python314\site-packages\uvicorn\config.py", line 493, in load
    self.loaded_app = self.load_app()
                      ~~~~~~~~~~~~~^^
  File "C:\Users\User\AppData\Roaming\Python\Python314\site-packages\uvicorn\config.py", line 427, in load_app
    return import_from_string(self.app)
  File "C:\Users\User\AppData\Roaming\Python\Python314\site-packages\uvicorn\importer.py", line 19, in import_from_string
    module = importlib.import_module(module_str)
  File "C:\Python314\Lib\importlib\__init__.py", line 88, in import_module
    return _bootstrap._gcd_import(name[level:], package, level)
           ~~~~~~~~~~~~~~~~~~~~~~^^^^^^^^^^^^^^^^^^^^^^^^^^^^^^
  File "<frozen importlib._bootstrap>", line 1398, in _gcd_import
  File "<frozen importlib._bootstrap>", line 1371, in _find_and_load
  File "<frozen importlib._bootstrap>", line 1342, in _find_and_load_unlocked
  File "<frozen importlib._bootstrap>", line 938, in _load_unlocked
  File "<frozen importlib._bootstrap_external>", line 759, in exec_module
  File "<frozen importlib._bootstrap>", line 491, in _call_with_frames_removed
  File "C:\Users\User\Desktop\Ananie\Dev_Workspace\arkidi-platform\app\main.py", line 13, in <module>
    from app.api.v1.router import api_v1_router
  File "C:\Users\User\Desktop\Ananie\Dev_Workspace\arkidi-platform\app\api\v1\__init__.py", line 4, in <module>
    from app.api.v1.router import api_v1_router
  File "C:\Users\User\Desktop\Ananie\Dev_Workspace\arkidi-platform\app\api\v1\router.py", line 7, in <module>
    from app.api.v1.auth import router as auth_router
  File "C:\Users\User\Desktop\Ananie\Dev_Workspace\arkidi-platform\app\api\v1\auth.py", line 14, in <module>
    from app.services.auth import AuthService
  File "C:\Users\User\Desktop\Ananie\Dev_Workspace\arkidi-platform\app\services\auth.py", line 68
    import logging as _logging
    ^^^^^^
IndentationError: expected an indented block after function definition on line 67
WARNING:  StatReload detected changes in 'app\services\auth.py'. Reloading...
 Process SpawnProcess-3:
Traceback (most recent call last):
  File "C:\Python314\Lib\multiprocessing\process.py", line 320, in _bootstrap
    self.run()
    ~~~~~~~~^^
  File "C:\Python314\Lib\multiprocessing\process.py", line 108, in run
    self._target(*self._args, **self._kwargs)
    ~~~~~~~~~~~~^^^^^^^^^^^^^^^^^^^^^^^^^^^^^
  File "C:\Users\User\AppData\Roaming\Python\Python314\site-packages\uvicorn\_subprocess.py", line 80, in subprocess_started
    target(sockets=sockets)
    ~~~~~~^^^^^^^^^^^^^^^^^
  File "C:\Users\User\AppData\Roaming\Python\Python314\site-packages\uvicorn\server.py", line 74, in run
    return asyncio_run(self.serve(sockets=sockets), loop_factory=self.config.get_loop_factory())
  File "C:\Python314\Lib\asyncio\runners.py", line 204, in run
    return runner.run(main)
           ~~~~~~~~~~^^^^^^
  File "C:\Python314\Lib\asyncio\runners.py", line 127, in run
    return self._loop.run_until_complete(task)
           ~~~~~~~~~~~~~~~~~~~~~~~~~~~~~^^^^^^
  File "C:\Python314\Lib\asyncio\base_events.py", line 719, in run_until_complete
    return future.result()
           ~~~~~~~~~~~~~^^
  File "C:\Users\User\AppData\Roaming\Python\Python314\site-packages\uvicorn\server.py", line 78, in serve
    await self._serve(sockets)
  File "C:\Users\User\AppData\Roaming\Python\Python314\site-packages\uvicorn\server.py", line 85, in _serve
    config.load()
    ~~~~~~~~~~~^^
  File "C:\Users\User\AppData\Roaming\Python\Python314\site-packages\uvicorn\config.py", line 493, in load
    self.loaded_app = self.load_app()
                      ~~~~~~~~~~~~~^^
  File "C:\Users\User\AppData\Roaming\Python\Python314\site-packages\uvicorn\config.py", line 427, in load_app
    return import_from_string(self.app)
  File "C:\Users\User\AppData\Roaming\Python\Python314\site-packages\uvicorn\importer.py", line 19, in import_from_string
    module = importlib.import_module(module_str)
  File "C:\Python314\Lib\importlib\__init__.py", line 88, in import_module
    return _bootstrap._gcd_import(name[level:], package, level)
           ~~~~~~~~~~~~~~~~~~~~~~^^^^^^^^^^^^^^^^^^^^^^^^^^^^^^
  File "<frozen importlib._bootstrap>", line 1398, in _gcd_import
  File "<frozen importlib._bootstrap>", line 1371, in _find_and_load
  File "<frozen importlib._bootstrap>", line 1342, in _find_and_load_unlocked
  File "<frozen importlib._bootstrap>", line 938, in _load_unlocked
  File "<frozen importlib._bootstrap_external>", line 759, in exec_module
  File "<frozen importlib._bootstrap>", line 491, in _call_with_frames_removed
  File "C:\Users\User\Desktop\Ananie\Dev_Workspace\arkidi-platform\app\main.py", line 13, in <module>
    from app.api.v1.router import api_v1_router
  File "C:\Users\User\Desktop\Ananie\Dev_Workspace\arkidi-platform\app\api\v1\__init__.py", line 4, in <module>
    from app.api.v1.router import api_v1_router
  File "C:\Users\User\Desktop\Ananie\Dev_Workspace\arkidi-platform\app\api\v1\router.py", line 7, in <module>
    from app.api.v1.auth import router as auth_router
  File "C:\Users\User\Desktop\Ananie\Dev_Workspace\arkidi-platform\app\api\v1\auth.py", line 14, in <module>
    from app.services.auth import AuthService
  File "C:\Users\User\Desktop\Ananie\Dev_Workspace\arkidi-platform\app\services\auth.py", line 67
    async def authenticate(self, credentials: LoginRequest) -> TokenResponse:
IndentationError: unexpected indent
WARNING:  StatReload detected changes in 'app\services\auth.py'. Reloading...
 Process SpawnProcess-4:
Traceback (most recent call last):
  File "C:\Python314\Lib\multiprocessing\process.py", line 320, in _bootstrap
    self.run()
    ~~~~~~~~^^
  File "C:\Python314\Lib\multiprocessing\process.py", line 108, in run
    self._target(*self._args, **self._kwargs)
    ~~~~~~~~~~~~^^^^^^^^^^^^^^^^^^^^^^^^^^^^^
  File "C:\Users\User\AppData\Roaming\Python\Python314\site-packages\uvicorn\_subprocess.py", line 80, in subprocess_started
    target(sockets=sockets)
    ~~~~~~^^^^^^^^^^^^^^^^^
  File "C:\Users\User\AppData\Roaming\Python\Python314\site-packages\uvicorn\server.py", line 74, in run
    return asyncio_run(self.serve(sockets=sockets), loop_factory=self.config.get_loop_factory())
  File "C:\Python314\Lib\asyncio\runners.py", line 204, in run
    return runner.run(main)
           ~~~~~~~~~~^^^^^^
  File "C:\Python314\Lib\asyncio\runners.py", line 127, in run
    return self._loop.run_until_complete(task)
           ~~~~~~~~~~~~~~~~~~~~~~~~~~~~~^^^^^^
  File "C:\Python314\Lib\asyncio\base_events.py", line 719, in run_until_complete
    return future.result()
           ~~~~~~~~~~~~~^^
  File "C:\Users\User\AppData\Roaming\Python\Python314\site-packages\uvicorn\server.py", line 78, in serve
    await self._serve(sockets)
  File "C:\Users\User\AppData\Roaming\Python\Python314\site-packages\uvicorn\server.py", line 85, in _serve
    config.load()
    ~~~~~~~~~~~^^
  File "C:\Users\User\AppData\Roaming\Python\Python314\site-packages\uvicorn\config.py", line 493, in load
    self.loaded_app = self.load_app()
                      ~~~~~~~~~~~~~^^
  File "C:\Users\User\AppData\Roaming\Python\Python314\site-packages\uvicorn\config.py", line 427, in load_app
    return import_from_string(self.app)
  File "C:\Users\User\AppData\Roaming\Python\Python314\site-packages\uvicorn\importer.py", line 19, in import_from_string
    module = importlib.import_module(module_str)
  File "C:\Python314\Lib\importlib\__init__.py", line 88, in import_module
    return _bootstrap._gcd_import(name[level:], package, level)
           ~~~~~~~~~~~~~~~~~~~~~~^^^^^^^^^^^^^^^^^^^^^^^^^^^^^^
  File "<frozen importlib._bootstrap>", line 1398, in _gcd_import
  File "<frozen importlib._bootstrap>", line 1371, in _find_and_load
  File "<frozen importlib._bootstrap>", line 1342, in _find_and_load_unlocked
  File "<frozen importlib._bootstrap>", line 938, in _load_unlocked
  File "<frozen importlib._bootstrap_external>", line 759, in exec_module
  File "<frozen importlib._bootstrap>", line 491, in _call_with_frames_removed
  File "C:\Users\User\Desktop\Ananie\Dev_Workspace\arkidi-platform\app\main.py", line 13, in <module>
    from app.api.v1.router import api_v1_router
  File "C:\Users\User\Desktop\Ananie\Dev_Workspace\arkidi-platform\app\api\v1\__init__.py", line 4, in <module>
    from app.api.v1.router import api_v1_router
  File "C:\Users\User\Desktop\Ananie\Dev_Workspace\arkidi-platform\app\api\v1\router.py", line 7, in <module>
    from app.api.v1.auth import router as auth_router
  File "C:\Users\User\Desktop\Ananie\Dev_Workspace\arkidi-platform\app\api\v1\auth.py", line 14, in <module>
    from app.services.auth import AuthService
  File "C:\Users\User\Desktop\Ananie\Dev_Workspace\arkidi-platform\app\services\auth.py", line 67
    async def authenticate(self, credentials: LoginRequest) -> TokenResponse:
IndentationError: unexpected indent
WARNING:  StatReload detected changes in 'app\services\auth.py'. Reloading...
 Process SpawnProcess-5:
Traceback (most recent call last):
  File "C:\Python314\Lib\multiprocessing\process.py", line 320, in _bootstrap
    self.run()
    ~~~~~~~~^^
  File "C:\Python314\Lib\multiprocessing\process.py", line 108, in run
    self._target(*self._args, **self._kwargs)
    ~~~~~~~~~~~~^^^^^^^^^^^^^^^^^^^^^^^^^^^^^
  File "C:\Users\User\AppData\Roaming\Python\Python314\site-packages\uvicorn\_subprocess.py", line 80, in subprocess_started
    target(sockets=sockets)
    ~~~~~~^^^^^^^^^^^^^^^^^
  File "C:\Users\User\AppData\Roaming\Python\Python314\site-packages\uvicorn\server.py", line 74, in run
    return asyncio_run(self.serve(sockets=sockets), loop_factory=self.config.get_loop_factory())
  File "C:\Python314\Lib\asyncio\runners.py", line 204, in run
    return runner.run(main)
           ~~~~~~~~~~^^^^^^
  File "C:\Python314\Lib\asyncio\runners.py", line 127, in run
    return self._loop.run_until_complete(task)
           ~~~~~~~~~~~~~~~~~~~~~~~~~~~~~^^^^^^
  File "C:\Python314\Lib\asyncio\base_events.py", line 719, in run_until_complete
    return future.result()
           ~~~~~~~~~~~~~^^
  File "C:\Users\User\AppData\Roaming\Python\Python314\site-packages\uvicorn\server.py", line 78, in serve
    await self._serve(sockets)
  File "C:\Users\User\AppData\Roaming\Python\Python314\site-packages\uvicorn\server.py", line 85, in _serve
    config.load()
    ~~~~~~~~~~~^^
  File "C:\Users\User\AppData\Roaming\Python\Python314\site-packages\uvicorn\config.py", line 493, in load
    self.loaded_app = self.load_app()
                      ~~~~~~~~~~~~~^^
  File "C:\Users\User\AppData\Roaming\Python\Python314\site-packages\uvicorn\config.py", line 427, in load_app
    return import_from_string(self.app)
  File "C:\Users\User\AppData\Roaming\Python\Python314\site-packages\uvicorn\importer.py", line 19, in import_from_string
    module = importlib.import_module(module_str)
  File "C:\Python314\Lib\importlib\__init__.py", line 88, in import_module
    return _bootstrap._gcd_import(name[level:], package, level)
           ~~~~~~~~~~~~~~~~~~~~~~^^^^^^^^^^^^^^^^^^^^^^^^^^^^^^
  File "<frozen importlib._bootstrap>", line 1398, in _gcd_import
  File "<frozen importlib._bootstrap>", line 1371, in _find_and_load
  File "<frozen importlib._bootstrap>", line 1342, in _find_and_load_unlocked
  File "<frozen importlib._bootstrap>", line 938, in _load_unlocked
  File "<frozen importlib._bootstrap_external>", line 759, in exec_module
  File "<frozen importlib._bootstrap>", line 491, in _call_with_frames_removed
  File "C:\Users\User\Desktop\Ananie\Dev_Workspace\arkidi-platform\app\main.py", line 13, in <module>
    from app.api.v1.router import api_v1_router
  File "C:\Users\User\Desktop\Ananie\Dev_Workspace\arkidi-platform\app\api\v1\__init__.py", line 4, in <module>
    from app.api.v1.router import api_v1_router
  File "C:\Users\User\Desktop\Ananie\Dev_Workspace\arkidi-platform\app\api\v1\router.py", line 7, in <module>
    from app.api.v1.auth import router as auth_router
  File "C:\Users\User\Desktop\Ananie\Dev_Workspace\arkidi-platform\app\api\v1\auth.py", line 14, in <module>
    from app.services.auth import AuthService
  File "C:\Users\User\Desktop\Ananie\Dev_Workspace\arkidi-platform\app\services\auth.py", line 67
    async def authenticate(self, credentials: LoginRequest) -> TokenResponse:
IndentationError: unexpected indent
WARNING:  StatReload detected changes in 'app\services\auth.py'. Reloading...
 Process SpawnProcess-6:
Traceback (most recent call last):
  File "C:\Python314\Lib\multiprocessing\process.py", line 320, in _bootstrap
    self.run()
    ~~~~~~~~^^
  File "C:\Python314\Lib\multiprocessing\process.py", line 108, in run
    self._target(*self._args, **self._kwargs)
    ~~~~~~~~~~~~^^^^^^^^^^^^^^^^^^^^^^^^^^^^^
  File "C:\Users\User\AppData\Roaming\Python\Python314\site-packages\uvicorn\_subprocess.py", line 80, in subprocess_started
    target(sockets=sockets)
    ~~~~~~^^^^^^^^^^^^^^^^^
  File "C:\Users\User\AppData\Roaming\Python\Python314\site-packages\uvicorn\server.py", line 74, in run
    return asyncio_run(self.serve(sockets=sockets), loop_factory=self.config.get_loop_factory())
  File "C:\Python314\Lib\asyncio\runners.py", line 204, in run
    return runner.run(main)
           ~~~~~~~~~~^^^^^^
  File "C:\Python314\Lib\asyncio\runners.py", line 127, in run
    return self._loop.run_until_complete(task)
           ~~~~~~~~~~~~~~~~~~~~~~~~~~~~~^^^^^^
  File "C:\Python314\Lib\asyncio\base_events.py", line 719, in run_until_complete
    return future.result()
           ~~~~~~~~~~~~~^^
  File "C:\Users\User\AppData\Roaming\Python\Python314\site-packages\uvicorn\server.py", line 78, in serve
    await self._serve(sockets)
  File "C:\Users\User\AppData\Roaming\Python\Python314\site-packages\uvicorn\server.py", line 85, in _serve
    config.load()
    ~~~~~~~~~~~^^
  File "C:\Users\User\AppData\Roaming\Python\Python314\site-packages\uvicorn\config.py", line 493, in load
    self.loaded_app = self.load_app()
                      ~~~~~~~~~~~~~^^
  File "C:\Users\User\AppData\Roaming\Python\Python314\site-packages\uvicorn\config.py", line 427, in load_app
    return import_from_string(self.app)
  File "C:\Users\User\AppData\Roaming\Python\Python314\site-packages\uvicorn\importer.py", line 19, in import_from_string
    module = importlib.import_module(module_str)
  File "C:\Python314\Lib\importlib\__init__.py", line 88, in import_module
    return _bootstrap._gcd_import(name[level:], package, level)
           ~~~~~~~~~~~~~~~~~~~~~~^^^^^^^^^^^^^^^^^^^^^^^^^^^^^^
  File "<frozen importlib._bootstrap>", line 1398, in _gcd_import
  File "<frozen importlib._bootstrap>", line 1371, in _find_and_load
  File "<frozen importlib._bootstrap>", line 1342, in _find_and_load_unlocked
  File "<frozen importlib._bootstrap>", line 938, in _load_unlocked
  File "<frozen importlib._bootstrap_external>", line 759, in exec_module
  File "<frozen importlib._bootstrap>", line 491, in _call_with_frames_removed
  File "C:\Users\User\Desktop\Ananie\Dev_Workspace\arkidi-platform\app\main.py", line 13, in <module>
    from app.api.v1.router import api_v1_router
  File "C:\Users\User\Desktop\Ananie\Dev_Workspace\arkidi-platform\app\api\v1\__init__.py", line 4, in <module>
    from app.api.v1.router import api_v1_router
  File "C:\Users\User\Desktop\Ananie\Dev_Workspace\arkidi-platform\app\api\v1\router.py", line 7, in <module>
    from app.api.v1.auth import router as auth_router
  File "C:\Users\User\Desktop\Ananie\Dev_Workspace\arkidi-platform\app\api\v1\auth.py", line 14, in <module>
    from app.services.auth import AuthService
  File "C:\Users\User\Desktop\Ananie\Dev_Workspace\arkidi-platform\app\services\auth.py", line 67
    async def authenticate(self, credentials: LoginRequest) -> TokenResponse:
IndentationError: unexpected indent
WARNING:  StatReload detected changes in 'app\services\auth.py'. Reloading...
 INFO:     Started server process [14180]
INFO:     Waiting for application startup.
2026-08-24 15:32:33,616 [INFO] arkidi (main.py:28): Starting up Arkidi Platform API...
INFO:     Application startup complete.
INFO:     127.0.0.1:60356 - "POST /api/v1/auth/login HTTP/1.1" 200 OK
2026-08-24 15:33:29,208 [INFO] arkidi.core.redis (redis.py:118): Redis health probe: up
INFO:     127.0.0.1:60565 - "GET /health HTTP/1.1" 200 OK
INFO:     127.0.0.1:60586 - "POST /api/v1/auth/login HTTP/1.1" 200 OK
WARNING:  StatReload detected changes in 'app\api\v1\auth.py'. Reloading...
 INFO:     127.0.0.1:60692 - "POST /api/v1/auth/login HTTP/1.1" 422 Unprocessable Content
INFO:     Shutting down
INFO:     Waiting for application shutdown.
2026-08-24 15:37:13,362 [INFO] arkidi (main.py:36): Shutting down Arkidi Platform API...
INFO:     Application shutdown complete.
INFO:     Finished server process [14180]
INFO:     Started server process [16088]
INFO:     Waiting for application startup.
2026-08-24 15:37:31,281 [INFO] arkidi (main.py:28): Starting up Arkidi Platform API...
INFO:     Application startup complete.
